OMP_NUM_THREASDS =  1
Description:	OpenMP dgemv.

Working on problem size N=1024 
 Problem size N=1024  elapsed time (s) = 0.00089
 Verified: result matches CBLAS reference for N=1024 
Working on problem size N=1024 
 Problem size N=1024  elapsed time (s) = 0.00088
 Verified: result matches CBLAS reference for N=1024 
Working on problem size N=2048 
 Problem size N=2048  elapsed time (s) = 0.00360
 Verified: result matches CBLAS reference for N=2048 
Working on problem size N=4096 
 Problem size N=4096  elapsed time (s) = 0.01471
 Verified: result matches CBLAS reference for N=4096 
Working on problem size N=8192 
 Problem size N=8192  elapsed time (s) = 0.05839
 Verified: result matches CBLAS reference for N=8192 
Working on problem size N=16384 
 Problem size N=16384  elapsed time (s) = 0.23384
 Verified: result matches CBLAS reference for N=16384 
OMP_NUM_THREASDS =  4
Description:	OpenMP dgemv.

Working on problem size N=1024 
 Problem size N=1024  elapsed time (s) = 0.00130
 Verified: result matches CBLAS reference for N=1024 
Working on problem size N=1024 
 Problem size N=1024  elapsed time (s) = 0.00047
 Verified: result matches CBLAS reference for N=1024 
Working on problem size N=2048 
 Problem size N=2048  elapsed time (s) = 0.00187
 Verified: result matches CBLAS reference for N=2048 
Working on problem size N=4096 
 Problem size N=4096  elapsed time (s) = 0.00614
 Verified: result matches CBLAS reference for N=4096 
Working on problem size N=8192 
 Problem size N=8192  elapsed time (s) = 0.02166
 Verified: result matches CBLAS reference for N=8192 
Working on problem size N=16384 
 Problem size N=16384  elapsed time (s) = 0.06114
 Verified: result matches CBLAS reference for N=16384 
OMP_NUM_THREASDS =  16
Description:	OpenMP dgemv.

Working on problem size N=1024 
 Problem size N=1024  elapsed time (s) = 0.00408
 Verified: result matches CBLAS reference for N=1024 
Working on problem size N=1024 
 Problem size N=1024  elapsed time (s) = 0.00041
 Verified: result matches CBLAS reference for N=1024 
Working on problem size N=2048 
 Problem size N=2048  elapsed time (s) = 0.00177
 Verified: result matches CBLAS reference for N=2048 
Working on problem size N=4096 
 Problem size N=4096  elapsed time (s) = 0.00708
 Verified: result matches CBLAS reference for N=4096 
Working on problem size N=8192 
 Problem size N=8192  elapsed time (s) = 0.02239
 Verified: result matches CBLAS reference for N=8192 
Working on problem size N=16384 
 Problem size N=16384  elapsed time (s) = 0.05910
 Verified: result matches CBLAS reference for N=16384 
OMP_NUM_THREASDS =  64
Description:	OpenMP dgemv.

Working on problem size N=1024 
 Problem size N=1024  elapsed time (s) = 0.01555
 Verified: result matches CBLAS reference for N=1024 
Working on problem size N=1024 
 Problem size N=1024  elapsed time (s) = 0.00084
 Verified: result matches CBLAS reference for N=1024 
Working on problem size N=2048 
 Problem size N=2048  elapsed time (s) = 0.00190
 Verified: result matches CBLAS reference for N=2048 
Working on problem size N=4096 
 Problem size N=4096  elapsed time (s) = 0.00701
 Verified: result matches CBLAS reference for N=4096 
Working on problem size N=8192 
 Problem size N=8192  elapsed time (s) = 0.01536
 Verified: result matches CBLAS reference for N=8192 
Working on problem size N=16384 
 Problem size N=16384  elapsed time (s) = 0.05857
 Verified: result matches CBLAS reference for N=16384 
